---
source: tests/additional_edge_cases.rs
expression: program
---
Program {
    statements: [
        Nop {
            span: Span {
                start: 0,
                end: 6,
            },
        },
        Class {
            attributes: [],
            modifiers: [
                Token {
                    kind: Readonly,
                    span: Span {
                        start: 6,
                        end: 14,
                    },
                },
            ],
            name: Token {
                kind: Identifier,
                span: Span {
                    start: 21,
                    end: 26,
                },
            },
            extends: None,
            implements: [],
            members: [
                Method {
                    attributes: [],
                    modifiers: [
                        Token {
                            kind: Public,
                            span: Span {
                                start: 33,
                                end: 39,
                            },
                        },
                    ],
                    name: Token {
                        kind: Identifier,
                        span: Span {
                            start: 49,
                            end: 60,
                        },
                    },
                    params: [
                        Param {
                            attributes: [],
                            modifiers: [
                                Token {
                                    kind: Public,
                                    span: Span {
                                        start: 70,
                                        end: 76,
                                    },
                                },
                            ],
                            name: Token {
                                kind: Variable,
                                span: Span {
                                    start: 81,
                                    end: 83,
                                },
                            },
                            ty: Some(
                                Simple(
                                    Token {
                                        kind: TypeInt,
                                        span: Span {
                                            start: 77,
                                            end: 80,
                                        },
                                    },
                                ),
                            ),
                            default: None,
                            by_ref: false,
                            variadic: false,
                            hooks: None,
                            span: Span {
                                start: 70,
                                end: 83,
                            },
                        },
                        Param {
                            attributes: [],
                            modifiers: [
                                Token {
                                    kind: Public,
                                    span: Span {
                                        start: 93,
                                        end: 99,
                                    },
                                },
                            ],
                            name: Token {
                                kind: Variable,
                                span: Span {
                                    start: 104,
                                    end: 106,
                                },
                            },
                            ty: Some(
                                Simple(
                                    Token {
                                        kind: TypeInt,
                                        span: Span {
                                            start: 100,
                                            end: 103,
                                        },
                                    },
                                ),
                            ),
                            default: None,
                            by_ref: false,
                            variadic: false,
                            hooks: None,
                            span: Span {
                                start: 93,
                                end: 106,
                            },
                        },
                    ],
                    return_type: None,
                    body: [],
                    doc_comment: None,
                    span: Span {
                        start: 33,
                        end: 117,
                    },
                },
            ],
            doc_comment: None,
            span: Span {
                start: 6,
                end: 118,
            },
        },
    ],
    errors: [],
    span: Span {
        start: 0,
        end: 118,
    },
}
