---
source: tests/snapshot_tests.rs
expression: program
---
Program {
    statements: [
        InlineHtml {
            value: [
                10,
            ],
            span: Span {
                start: 0,
                end: 7,
            },
        },
        Nop {
            span: Span {
                start: 1,
                end: 7,
            },
        },
        Expression {
            expr: Empty {
                expr: Variable {
                    name: Span {
                        start: 13,
                        end: 15,
                    },
                    span: Span {
                        start: 13,
                        end: 15,
                    },
                },
                span: Span {
                    start: 7,
                    end: 17,
                },
            },
            span: Span {
                start: 7,
                end: 23,
            },
        },
        Expression {
            expr: Isset {
                vars: [
                    Variable {
                        name: Span {
                            start: 24,
                            end: 26,
                        },
                        span: Span {
                            start: 24,
                            end: 26,
                        },
                    },
                    Variable {
                        name: Span {
                            start: 28,
                            end: 30,
                        },
                        span: Span {
                            start: 28,
                            end: 30,
                        },
                    },
                ],
                span: Span {
                    start: 18,
                    end: 32,
                },
            },
            span: Span {
                start: 18,
                end: 37,
            },
        },
        Expression {
            expr: Eval {
                expr: String {
                    value: [
                        39,
                        101,
                        99,
                        104,
                        111,
                        32,
                        49,
                        59,
                        39,
                    ],
                    span: Span {
                        start: 38,
                        end: 47,
                    },
                },
                span: Span {
                    start: 33,
                    end: 49,
                },
            },
            span: Span {
                start: 33,
                end: 53,
            },
        },
        Expression {
            expr: Die {
                expr: None,
                span: Span {
                    start: 50,
                    end: 56,
                },
            },
            span: Span {
                start: 50,
                end: 60,
            },
        },
        Expression {
            expr: Die {
                expr: Some(
                    String {
                        value: [
                            39,
                            101,
                            114,
                            114,
                            111,
                            114,
                            39,
                        ],
                        span: Span {
                            start: 61,
                            end: 68,
                        },
                    },
                ),
                span: Span {
                    start: 57,
                    end: 70,
                },
            },
            span: Span {
                start: 57,
                end: 75,
            },
        },
        Expression {
            expr: Exit {
                expr: None,
                span: Span {
                    start: 71,
                    end: 76,
                },
            },
            span: Span {
                start: 71,
                end: 81,
            },
        },
        Expression {
            expr: Exit {
                expr: Some(
                    Integer {
                        value: [
                            49,
                        ],
                        span: Span {
                            start: 82,
                            end: 83,
                        },
                    },
                ),
                span: Span {
                    start: 77,
                    end: 85,
                },
            },
            span: Span {
                start: 77,
                end: 86,
            },
        },
    ],
    errors: [],
    span: Span {
        start: 0,
        end: 86,
    },
}
