---
source: tests/snapshot_tests.rs
expression: program
---
Program {
    statements: [
        InlineHtml {
            value: [
                10,
            ],
            span: Span {
                start: 0,
                end: 7,
            },
        },
        Nop {
            span: Span {
                start: 1,
                end: 7,
            },
        },
        Expression {
            expr: Assign {
                var: Variable {
                    name: Span {
                        start: 7,
                        end: 9,
                    },
                    span: Span {
                        start: 7,
                        end: 9,
                    },
                },
                expr: Closure {
                    attributes: [],
                    is_static: false,
                    by_ref: false,
                    params: [
                        Param {
                            attributes: [],
                            modifiers: [],
                            name: Token {
                                kind: Variable,
                                span: Span {
                                    start: 21,
                                    end: 23,
                                },
                            },
                            ty: None,
                            default: None,
                            by_ref: false,
                            variadic: false,
                            hooks: None,
                            span: Span {
                                start: 21,
                                end: 23,
                            },
                        },
                    ],
                    uses: [],
                    return_type: None,
                    body: [
                        Return {
                            expr: Some(
                                Variable {
                                    name: Span {
                                        start: 34,
                                        end: 36,
                                    },
                                    span: Span {
                                        start: 34,
                                        end: 36,
                                    },
                                },
                            ),
                            span: Span {
                                start: 27,
                                end: 39,
                            },
                        },
                    ],
                    span: Span {
                        start: 12,
                        end: 40,
                    },
                },
                span: Span {
                    start: 7,
                    end: 40,
                },
            },
            span: Span {
                start: 7,
                end: 43,
            },
        },
        Expression {
            expr: Assign {
                var: Variable {
                    name: Span {
                        start: 41,
                        end: 43,
                    },
                    span: Span {
                        start: 41,
                        end: 43,
                    },
                },
                expr: Closure {
                    attributes: [],
                    is_static: false,
                    by_ref: false,
                    params: [
                        Param {
                            attributes: [],
                            modifiers: [],
                            name: Token {
                                kind: Variable,
                                span: Span {
                                    start: 55,
                                    end: 57,
                                },
                            },
                            ty: None,
                            default: None,
                            by_ref: false,
                            variadic: false,
                            hooks: None,
                            span: Span {
                                start: 55,
                                end: 57,
                            },
                        },
                    ],
                    uses: [
                        ClosureUse {
                            var: Token {
                                kind: Variable,
                                span: Span {
                                    start: 64,
                                    end: 66,
                                },
                            },
                            by_ref: false,
                            span: Span {
                                start: 64,
                                end: 66,
                            },
                        },
                    ],
                    return_type: None,
                    body: [
                        Return {
                            expr: Some(
                                Binary {
                                    left: Variable {
                                        name: Span {
                                            start: 77,
                                            end: 79,
                                        },
                                        span: Span {
                                            start: 77,
                                            end: 79,
                                        },
                                    },
                                    op: Plus,
                                    right: Variable {
                                        name: Span {
                                            start: 82,
                                            end: 84,
                                        },
                                        span: Span {
                                            start: 82,
                                            end: 84,
                                        },
                                    },
                                    span: Span {
                                        start: 77,
                                        end: 84,
                                    },
                                },
                            ),
                            span: Span {
                                start: 70,
                                end: 87,
                            },
                        },
                    ],
                    span: Span {
                        start: 46,
                        end: 88,
                    },
                },
                span: Span {
                    start: 41,
                    end: 88,
                },
            },
            span: Span {
                start: 41,
                end: 91,
            },
        },
        Expression {
            expr: Assign {
                var: Variable {
                    name: Span {
                        start: 89,
                        end: 91,
                    },
                    span: Span {
                        start: 89,
                        end: 91,
                    },
                },
                expr: ArrowFunction {
                    attributes: [],
                    is_static: false,
                    by_ref: false,
                    params: [
                        Param {
                            attributes: [],
                            modifiers: [],
                            name: Token {
                                kind: Variable,
                                span: Span {
                                    start: 97,
                                    end: 99,
                                },
                            },
                            ty: None,
                            default: None,
                            by_ref: false,
                            variadic: false,
                            hooks: None,
                            span: Span {
                                start: 97,
                                end: 99,
                            },
                        },
                    ],
                    return_type: None,
                    expr: Binary {
                        left: Variable {
                            name: Span {
                                start: 104,
                                end: 106,
                            },
                            span: Span {
                                start: 104,
                                end: 106,
                            },
                        },
                        op: Mul,
                        right: Integer {
                            value: [
                                50,
                            ],
                            span: Span {
                                start: 109,
                                end: 110,
                            },
                        },
                        span: Span {
                            start: 104,
                            end: 110,
                        },
                    },
                    span: Span {
                        start: 94,
                        end: 110,
                    },
                },
                span: Span {
                    start: 89,
                    end: 110,
                },
            },
            span: Span {
                start: 89,
                end: 114,
            },
        },
        Expression {
            expr: Assign {
                var: Variable {
                    name: Span {
                        start: 112,
                        end: 114,
                    },
                    span: Span {
                        start: 112,
                        end: 114,
                    },
                },
                expr: ArrowFunction {
                    attributes: [],
                    is_static: false,
                    by_ref: false,
                    params: [
                        Param {
                            attributes: [],
                            modifiers: [],
                            name: Token {
                                kind: Variable,
                                span: Span {
                                    start: 120,
                                    end: 122,
                                },
                            },
                            ty: None,
                            default: None,
                            by_ref: false,
                            variadic: false,
                            hooks: None,
                            span: Span {
                                start: 120,
                                end: 122,
                            },
                        },
                    ],
                    return_type: Some(
                        Simple(
                            Token {
                                kind: TypeInt,
                                span: Span {
                                    start: 125,
                                    end: 128,
                                },
                            },
                        ),
                    ),
                    expr: Binary {
                        left: Variable {
                            name: Span {
                                start: 132,
                                end: 134,
                            },
                            span: Span {
                                start: 132,
                                end: 134,
                            },
                        },
                        op: Plus,
                        right: Integer {
                            value: [
                                49,
                            ],
                            span: Span {
                                start: 137,
                                end: 138,
                            },
                        },
                        span: Span {
                            start: 132,
                            end: 138,
                        },
                    },
                    span: Span {
                        start: 117,
                        end: 138,
                    },
                },
                span: Span {
                    start: 112,
                    end: 138,
                },
            },
            span: Span {
                start: 112,
                end: 140,
            },
        },
    ],
    errors: [],
    span: Span {
        start: 0,
        end: 140,
    },
}
