---
source: tests/snapshot_tests.rs
expression: program
---
Program {
    statements: [
        Nop {
            span: Span {
                start: 0,
                end: 6,
            },
        },
        Expression {
            expr: Assign {
                var: Variable {
                    name: Span {
                        start: 10,
                        end: 12,
                    },
                    span: Span {
                        start: 10,
                        end: 12,
                    },
                },
                expr: Cast {
                    kind: Int,
                    expr: Variable {
                        name: Span {
                            start: 21,
                            end: 23,
                        },
                        span: Span {
                            start: 21,
                            end: 23,
                        },
                    },
                    span: Span {
                        start: 15,
                        end: 23,
                    },
                },
                span: Span {
                    start: 10,
                    end: 23,
                },
            },
            span: Span {
                start: 10,
                end: 31,
            },
        },
        Expression {
            expr: Assign {
                var: Variable {
                    name: Span {
                        start: 29,
                        end: 31,
                    },
                    span: Span {
                        start: 29,
                        end: 31,
                    },
                },
                expr: Cast {
                    kind: Bool,
                    expr: Variable {
                        name: Span {
                            start: 41,
                            end: 43,
                        },
                        span: Span {
                            start: 41,
                            end: 43,
                        },
                    },
                    span: Span {
                        start: 34,
                        end: 43,
                    },
                },
                span: Span {
                    start: 29,
                    end: 43,
                },
            },
            span: Span {
                start: 29,
                end: 51,
            },
        },
        Expression {
            expr: Assign {
                var: Variable {
                    name: Span {
                        start: 49,
                        end: 51,
                    },
                    span: Span {
                        start: 49,
                        end: 51,
                    },
                },
                expr: Cast {
                    kind: Float,
                    expr: Variable {
                        name: Span {
                            start: 62,
                            end: 64,
                        },
                        span: Span {
                            start: 62,
                            end: 64,
                        },
                    },
                    span: Span {
                        start: 54,
                        end: 64,
                    },
                },
                span: Span {
                    start: 49,
                    end: 64,
                },
            },
            span: Span {
                start: 49,
                end: 72,
            },
        },
        Expression {
            expr: Assign {
                var: Variable {
                    name: Span {
                        start: 70,
                        end: 72,
                    },
                    span: Span {
                        start: 70,
                        end: 72,
                    },
                },
                expr: Cast {
                    kind: String,
                    expr: Variable {
                        name: Span {
                            start: 84,
                            end: 86,
                        },
                        span: Span {
                            start: 84,
                            end: 86,
                        },
                    },
                    span: Span {
                        start: 75,
                        end: 86,
                    },
                },
                span: Span {
                    start: 70,
                    end: 86,
                },
            },
            span: Span {
                start: 70,
                end: 94,
            },
        },
        Expression {
            expr: Assign {
                var: Variable {
                    name: Span {
                        start: 92,
                        end: 94,
                    },
                    span: Span {
                        start: 92,
                        end: 94,
                    },
                },
                expr: Cast {
                    kind: Array,
                    expr: Variable {
                        name: Span {
                            start: 105,
                            end: 107,
                        },
                        span: Span {
                            start: 105,
                            end: 107,
                        },
                    },
                    span: Span {
                        start: 97,
                        end: 107,
                    },
                },
                span: Span {
                    start: 92,
                    end: 107,
                },
            },
            span: Span {
                start: 92,
                end: 115,
            },
        },
        Expression {
            expr: Assign {
                var: Variable {
                    name: Span {
                        start: 113,
                        end: 115,
                    },
                    span: Span {
                        start: 113,
                        end: 115,
                    },
                },
                expr: Cast {
                    kind: Object,
                    expr: Variable {
                        name: Span {
                            start: 127,
                            end: 129,
                        },
                        span: Span {
                            start: 127,
                            end: 129,
                        },
                    },
                    span: Span {
                        start: 118,
                        end: 129,
                    },
                },
                span: Span {
                    start: 113,
                    end: 129,
                },
            },
            span: Span {
                start: 113,
                end: 137,
            },
        },
        Expression {
            expr: Assign {
                var: Variable {
                    name: Span {
                        start: 135,
                        end: 137,
                    },
                    span: Span {
                        start: 135,
                        end: 137,
                    },
                },
                expr: Cast {
                    kind: Unset,
                    expr: Variable {
                        name: Span {
                            start: 148,
                            end: 150,
                        },
                        span: Span {
                            start: 148,
                            end: 150,
                        },
                    },
                    span: Span {
                        start: 140,
                        end: 150,
                    },
                },
                span: Span {
                    start: 135,
                    end: 150,
                },
            },
            span: Span {
                start: 135,
                end: 158,
            },
        },
        Expression {
            expr: Assign {
                var: Variable {
                    name: Span {
                        start: 156,
                        end: 158,
                    },
                    span: Span {
                        start: 156,
                        end: 158,
                    },
                },
                expr: Binary {
                    left: Cast {
                        kind: Int,
                        expr: Variable {
                            name: Span {
                                start: 167,
                                end: 169,
                            },
                            span: Span {
                                start: 167,
                                end: 169,
                            },
                        },
                        span: Span {
                            start: 161,
                            end: 169,
                        },
                    },
                    op: Plus,
                    right: Integer {
                        value: [
                            49,
                        ],
                        span: Span {
                            start: 172,
                            end: 173,
                        },
                    },
                    span: Span {
                        start: 161,
                        end: 173,
                    },
                },
                span: Span {
                    start: 156,
                    end: 173,
                },
            },
            span: Span {
                start: 156,
                end: 197,
            },
        },
    ],
    errors: [],
    span: Span {
        start: 0,
        end: 197,
    },
}
