---
source: tests/snapshot_tests.rs
expression: program
---
Program {
    statements: [
        Nop {
            span: Span {
                start: 0,
                end: 6,
            },
        },
        Expression {
            expr: Assign {
                var: Variable {
                    name: Span {
                        start: 10,
                        end: 14,
                    },
                    span: Span {
                        start: 10,
                        end: 14,
                    },
                },
                expr: Array {
                    items: [
                        ArrayItem {
                            key: None,
                            value: Integer {
                                value: [
                                    49,
                                ],
                                span: Span {
                                    start: 18,
                                    end: 19,
                                },
                            },
                            by_ref: false,
                            unpack: false,
                            span: Span {
                                start: 18,
                                end: 19,
                            },
                        },
                        ArrayItem {
                            key: None,
                            value: Integer {
                                value: [
                                    50,
                                ],
                                span: Span {
                                    start: 21,
                                    end: 22,
                                },
                            },
                            by_ref: false,
                            unpack: false,
                            span: Span {
                                start: 21,
                                end: 22,
                            },
                        },
                        ArrayItem {
                            key: None,
                            value: Integer {
                                value: [
                                    51,
                                ],
                                span: Span {
                                    start: 24,
                                    end: 25,
                                },
                            },
                            by_ref: false,
                            unpack: false,
                            span: Span {
                                start: 24,
                                end: 25,
                            },
                        },
                    ],
                    span: Span {
                        start: 17,
                        end: 27,
                    },
                },
                span: Span {
                    start: 10,
                    end: 27,
                },
            },
            span: Span {
                start: 10,
                end: 36,
            },
        },
        Expression {
            expr: Assign {
                var: Variable {
                    name: Span {
                        start: 32,
                        end: 36,
                    },
                    span: Span {
                        start: 32,
                        end: 36,
                    },
                },
                expr: Array {
                    items: [
                        ArrayItem {
                            key: Some(
                                String {
                                    value: [
                                        39,
                                        97,
                                        39,
                                    ],
                                    span: Span {
                                        start: 45,
                                        end: 48,
                                    },
                                },
                            ),
                            value: Integer {
                                value: [
                                    49,
                                ],
                                span: Span {
                                    start: 52,
                                    end: 53,
                                },
                            },
                            by_ref: false,
                            unpack: false,
                            span: Span {
                                start: 45,
                                end: 53,
                            },
                        },
                        ArrayItem {
                            key: Some(
                                String {
                                    value: [
                                        39,
                                        98,
                                        39,
                                    ],
                                    span: Span {
                                        start: 55,
                                        end: 58,
                                    },
                                },
                            ),
                            value: Integer {
                                value: [
                                    50,
                                ],
                                span: Span {
                                    start: 62,
                                    end: 63,
                                },
                            },
                            by_ref: false,
                            unpack: false,
                            span: Span {
                                start: 55,
                                end: 63,
                            },
                        },
                    ],
                    span: Span {
                        start: 39,
                        end: 65,
                    },
                },
                span: Span {
                    start: 32,
                    end: 65,
                },
            },
            span: Span {
                start: 32,
                end: 74,
            },
        },
        Echo {
            exprs: [
                ArrayDimFetch {
                    array: Variable {
                        name: Span {
                            start: 75,
                            end: 79,
                        },
                        span: Span {
                            start: 75,
                            end: 79,
                        },
                    },
                    dim: Some(
                        Integer {
                            value: [
                                48,
                            ],
                            span: Span {
                                start: 80,
                                end: 81,
                            },
                        },
                    ),
                    span: Span {
                        start: 75,
                        end: 82,
                    },
                },
            ],
            span: Span {
                start: 70,
                end: 97,
            },
        },
        Expression {
            expr: Assign {
                var: Variable {
                    name: Span {
                        start: 93,
                        end: 97,
                    },
                    span: Span {
                        start: 93,
                        end: 97,
                    },
                },
                expr: New {
                    class: Variable {
                        name: Span {
                            start: 104,
                            end: 111,
                        },
                        span: Span {
                            start: 104,
                            end: 111,
                        },
                    },
                    args: [],
                    span: Span {
                        start: 100,
                        end: 113,
                    },
                },
                span: Span {
                    start: 93,
                    end: 113,
                },
            },
            span: Span {
                start: 93,
                end: 123,
            },
        },
        Echo {
            exprs: [
                PropertyFetch {
                    target: Variable {
                        name: Span {
                            start: 124,
                            end: 128,
                        },
                        span: Span {
                            start: 124,
                            end: 128,
                        },
                    },
                    property: Variable {
                        name: Span {
                            start: 130,
                            end: 134,
                        },
                        span: Span {
                            start: 130,
                            end: 134,
                        },
                    },
                    span: Span {
                        start: 124,
                        end: 134,
                    },
                },
            ],
            span: Span {
                start: 119,
                end: 144,
            },
        },
        Echo {
            exprs: [
                MethodCall {
                    target: Variable {
                        name: Span {
                            start: 145,
                            end: 149,
                        },
                        span: Span {
                            start: 145,
                            end: 149,
                        },
                    },
                    method: Variable {
                        name: Span {
                            start: 151,
                            end: 157,
                        },
                        span: Span {
                            start: 151,
                            end: 157,
                        },
                    },
                    args: [
                        Arg {
                            name: None,
                            value: Integer {
                                value: [
                                    49,
                                ],
                                span: Span {
                                    start: 158,
                                    end: 159,
                                },
                            },
                            unpack: false,
                            span: Span {
                                start: 158,
                                end: 159,
                            },
                        },
                    ],
                    span: Span {
                        start: 145,
                        end: 160,
                    },
                },
            ],
            span: Span {
                start: 140,
                end: 170,
            },
        },
        Echo {
            exprs: [
                ClassConstFetch {
                    class: Variable {
                        name: Span {
                            start: 171,
                            end: 178,
                        },
                        span: Span {
                            start: 171,
                            end: 178,
                        },
                    },
                    constant: Variable {
                        name: Span {
                            start: 180,
                            end: 185,
                        },
                        span: Span {
                            start: 180,
                            end: 185,
                        },
                    },
                    span: Span {
                        start: 171,
                        end: 185,
                    },
                },
            ],
            span: Span {
                start: 166,
                end: 195,
            },
        },
        Echo {
            exprs: [
                StaticCall {
                    class: Variable {
                        name: Span {
                            start: 196,
                            end: 203,
                        },
                        span: Span {
                            start: 196,
                            end: 203,
                        },
                    },
                    method: Variable {
                        name: Span {
                            start: 205,
                            end: 217,
                        },
                        span: Span {
                            start: 205,
                            end: 217,
                        },
                    },
                    args: [],
                    span: Span {
                        start: 196,
                        end: 219,
                    },
                },
            ],
            span: Span {
                start: 191,
                end: 232,
            },
        },
        Expression {
            expr: Assign {
                var: Variable {
                    name: Span {
                        start: 230,
                        end: 232,
                    },
                    span: Span {
                        start: 230,
                        end: 232,
                    },
                },
                expr: Assign {
                    var: Variable {
                        name: Span {
                            start: 235,
                            end: 237,
                        },
                        span: Span {
                            start: 235,
                            end: 237,
                        },
                    },
                    expr: Integer {
                        value: [
                            49,
                        ],
                        span: Span {
                            start: 240,
                            end: 241,
                        },
                    },
                    span: Span {
                        start: 235,
                        end: 241,
                    },
                },
                span: Span {
                    start: 230,
                    end: 241,
                },
            },
            span: Span {
                start: 230,
                end: 247,
            },
        },
    ],
    errors: [],
    span: Span {
        start: 0,
        end: 247,
    },
}
