---
source: tests/snapshot_tests.rs
expression: program
---
Program {
    statements: [
        Nop {
            span: Span {
                start: 0,
                end: 6,
            },
        },
        Class {
            attributes: [],
            modifiers: [],
            name: Token {
                kind: Identifier,
                span: Span {
                    start: 16,
                    end: 20,
                },
            },
            extends: None,
            implements: [],
            members: [
                Property {
                    attributes: [],
                    modifiers: [
                        Token {
                            kind: Public,
                            span: Span {
                                start: 31,
                                end: 37,
                            },
                        },
                    ],
                    ty: None,
                    entries: [
                        PropertyEntry {
                            name: Token {
                                kind: Variable,
                                span: Span {
                                    start: 38,
                                    end: 43,
                                },
                            },
                            default: None,
                            span: Span {
                                start: 38,
                                end: 43,
                            },
                        },
                    ],
                    doc_comment: None,
                    span: Span {
                        start: 31,
                        end: 60,
                    },
                },
                Property {
                    attributes: [],
                    modifiers: [
                        Token {
                            kind: Private,
                            span: Span {
                                start: 53,
                                end: 60,
                            },
                        },
                    ],
                    ty: None,
                    entries: [
                        PropertyEntry {
                            name: Token {
                                kind: Variable,
                                span: Span {
                                    start: 61,
                                    end: 65,
                                },
                            },
                            default: Some(
                                Integer {
                                    value: [
                                        50,
                                        48,
                                    ],
                                    span: Span {
                                        start: 68,
                                        end: 70,
                                    },
                                },
                            ),
                            span: Span {
                                start: 61,
                                end: 70,
                            },
                        },
                    ],
                    doc_comment: None,
                    span: Span {
                        start: 53,
                        end: 85,
                    },
                },
                Const {
                    attributes: [],
                    modifiers: [],
                    ty: None,
                    consts: [
                        ClassConst {
                            name: Token {
                                kind: Identifier,
                                span: Span {
                                    start: 86,
                                    end: 90,
                                },
                            },
                            value: Integer {
                                value: [
                                    49,
                                ],
                                span: Span {
                                    start: 93,
                                    end: 94,
                                },
                            },
                            span: Span {
                                start: 86,
                                end: 94,
                            },
                        },
                    ],
                    doc_comment: None,
                    span: Span {
                        start: 80,
                        end: 119,
                    },
                },
                Method {
                    attributes: [],
                    modifiers: [
                        Token {
                            kind: Public,
                            span: Span {
                                start: 113,
                                end: 119,
                            },
                        },
                    ],
                    name: Token {
                        kind: Identifier,
                        span: Span {
                            start: 129,
                            end: 136,
                        },
                    },
                    params: [],
                    return_type: None,
                    body: [
                        Return {
                            expr: Some(
                                PropertyFetch {
                                    target: Variable {
                                        name: Span {
                                            start: 160,
                                            end: 165,
                                        },
                                        span: Span {
                                            start: 160,
                                            end: 165,
                                        },
                                    },
                                    property: Variable {
                                        name: Span {
                                            start: 167,
                                            end: 171,
                                        },
                                        span: Span {
                                            start: 167,
                                            end: 171,
                                        },
                                    },
                                    span: Span {
                                        start: 160,
                                        end: 171,
                                    },
                                },
                            ),
                            span: Span {
                                start: 153,
                                end: 182,
                            },
                        },
                    ],
                    doc_comment: None,
                    span: Span {
                        start: 113,
                        end: 182,
                    },
                },
            ],
            doc_comment: None,
            span: Span {
                start: 10,
                end: 193,
            },
        },
    ],
    errors: [],
    span: Span {
        start: 0,
        end: 193,
    },
}
