---
source: tests/snapshot_tests.rs
expression: program
---
Program {
    statements: [
        Nop {
            span: Span {
                start: 0,
                end: 6,
            },
        },
        Function {
            attributes: [],
            name: Token {
                kind: Identifier,
                span: Span {
                    start: 15,
                    end: 18,
                },
            },
            by_ref: false,
            params: [
                Param {
                    attributes: [],
                    modifiers: [],
                    name: Token {
                        kind: Variable,
                        span: Span {
                            start: 23,
                            end: 36,
                        },
                    },
                    ty: Some(
                        Intersection(
                            [
                                Name(
                                    Name {
                                        parts: [
                                            Token {
                                                kind: Identifier,
                                                span: Span {
                                                    start: 19,
                                                    end: 20,
                                                },
                                            },
                                        ],
                                        span: Span {
                                            start: 19,
                                            end: 20,
                                        },
                                    },
                                ),
                                Name(
                                    Name {
                                        parts: [
                                            Token {
                                                kind: Identifier,
                                                span: Span {
                                                    start: 21,
                                                    end: 22,
                                                },
                                            },
                                        ],
                                        span: Span {
                                            start: 21,
                                            end: 22,
                                        },
                                    },
                                ),
                            ],
                        ),
                    ),
                    default: None,
                    by_ref: false,
                    variadic: false,
                    hooks: None,
                    span: Span {
                        start: 19,
                        end: 36,
                    },
                },
                Param {
                    attributes: [],
                    modifiers: [],
                    name: Token {
                        kind: Variable,
                        span: Span {
                            start: 41,
                            end: 51,
                        },
                    },
                    ty: Some(
                        Name(
                            Name {
                                parts: [
                                    Token {
                                        kind: Identifier,
                                        span: Span {
                                            start: 38,
                                            end: 39,
                                        },
                                    },
                                ],
                                span: Span {
                                    start: 38,
                                    end: 39,
                                },
                            },
                        ),
                    ),
                    default: None,
                    by_ref: true,
                    variadic: false,
                    hooks: None,
                    span: Span {
                        start: 38,
                        end: 51,
                    },
                },
                Param {
                    attributes: [],
                    modifiers: [],
                    name: Token {
                        kind: Variable,
                        span: Span {
                            start: 58,
                            end: 75,
                        },
                    },
                    ty: Some(
                        Intersection(
                            [
                                Name(
                                    Name {
                                        parts: [
                                            Token {
                                                kind: Identifier,
                                                span: Span {
                                                    start: 53,
                                                    end: 54,
                                                },
                                            },
                                        ],
                                        span: Span {
                                            start: 53,
                                            end: 54,
                                        },
                                    },
                                ),
                                Name(
                                    Name {
                                        parts: [
                                            Token {
                                                kind: Identifier,
                                                span: Span {
                                                    start: 55,
                                                    end: 56,
                                                },
                                            },
                                        ],
                                        span: Span {
                                            start: 55,
                                            end: 56,
                                        },
                                    },
                                ),
                            ],
                        ),
                    ),
                    default: None,
                    by_ref: true,
                    variadic: false,
                    hooks: None,
                    span: Span {
                        start: 53,
                        end: 75,
                    },
                },
            ],
            return_type: None,
            body: [],
            doc_comment: None,
            span: Span {
                start: 6,
                end: 79,
            },
        },
    ],
    errors: [],
    span: Span {
        start: 0,
        end: 79,
    },
}
