---
source: tests/snapshot_tests.rs
expression: program
---
Program {
    statements: [
        Nop {
            span: Span {
                start: 0,
                end: 6,
            },
        },
        Echo {
            exprs: [
                Binary {
                    left: Binary {
                        left: Integer {
                            value: [
                                49,
                            ],
                            span: Span {
                                start: 11,
                                end: 12,
                            },
                        },
                        op: Plus,
                        right: Binary {
                            left: Integer {
                                value: [
                                    50,
                                ],
                                span: Span {
                                    start: 15,
                                    end: 16,
                                },
                            },
                            op: Mul,
                            right: Integer {
                                value: [
                                    51,
                                ],
                                span: Span {
                                    start: 19,
                                    end: 20,
                                },
                            },
                            span: Span {
                                start: 15,
                                end: 20,
                            },
                        },
                        span: Span {
                            start: 11,
                            end: 20,
                        },
                    },
                    op: Concat,
                    right: Integer {
                        value: [
                            52,
                        ],
                        span: Span {
                            start: 23,
                            end: 24,
                        },
                    },
                    span: Span {
                        start: 11,
                        end: 24,
                    },
                },
            ],
            span: Span {
                start: 6,
                end: 25,
            },
        },
    ],
    errors: [],
    span: Span {
        start: 0,
        end: 25,
    },
}
